// Jest Snapshot v1, https://goo.gl/fbAQLP

exports[`RelativePathReporter When calling toSonarReport should map a test result file to a sonar report 1`] = `
"<?xml version=\\"1.0\\" encoding=\\"UTF-8\\"?>
<testExecutions version=\\"1\\">
<file path=\\"my-test/my-test.spec.js\\">
<testCase name=\\"When doing this should &quot;be&quot; ok\\" duration=\\"30\\" />
<testCase name=\\"When this is failing the sonar report should contain the failure\\" duration=\\"10\\">
<failure message=\\"Error\\"><![CDATA[A failure]]></failure>
</testCase>
</file>
<file path=\\"my-test/my-test.spec.js\\">
<testCase name=\\"Some crazy title with  red color  and &#x1f525;\\" duration=\\"30\\" />
<testCase name=\\"When this is failing the sonar report should contain the failure\\" duration=\\"10\\">
<failure message=\\"Error\\"><![CDATA[A crazy failure  and &#x1f525;]]></failure>
</testCase>
</file>
<file path=\\"my-second-test.spec.js\\">
<testCase name=\\"When doing this should be ok\\" duration=\\"35\\" />
</file>
<file path=\\"my-skipped-test.spec.js\\">
<testCase name=\\"Skipped &quot;this test is skipped&quot;\\" duration=\\"10\\">
<skipped message=\\"Skipped &quot;this test is skipped&quot;\\"/>
</testCase>
</file>
</testExecutions>"
`;
